// Jest Snapshot v1, https://goo.gl/fbAQLP

exports[`Menu component component should match snapshot 1`] = `
<ul
  class="vk-menu is-vertical"
>
  <li
    class="vk-sub-menu active"
  >
    <div
      class="vk-sub-menu-title"
    >
      item 1
    </div>
    <ul
      class="vk-menu is-float"
      style="display: none;"
    >
      <li
        class="vk-menu-item active"
      >
        1.0
      </li>
      <li
        class="vk-menu-item"
      >
        1.1
      </li>
      <li
        class="vk-menu-item"
      >
        1.2
      </li>
      <li
        class="vk-sub-menu"
      >
        <div
          class="vk-sub-menu-title"
        >
          item 5
        </div>
        <ul
          class="vk-menu is-float"
          style="display: none;"
        >
          <li
            class="vk-menu-item"
          >
            2.0
          </li>
          <li
            class="vk-menu-item"
          >
            2.1
          </li>
          <li
            class="vk-menu-item"
          >
            2.2
          </li>
        </ul>
      </li>
    </ul>
  </li>
  <li
    class="vk-menu-item"
  >
    item 2
  </li>
  <li
    class="vk-sub-menu"
  >
    <div
      class="vk-sub-menu-title"
    >
      item 3
    </div>
    <ul
      class="vk-menu is-float"
      style="display: none;"
    >
      <li
        class="vk-menu-item"
      >
        3.0
      </li>
      <li
        class="vk-menu-item"
      >
        3.1
      </li>
    </ul>
  </li>
  <li
    class="vk-menu-item"
  >
    item 4
  </li>
</ul>
`;
